-1051865230 -1004677784 -986399347 -977919754 -968184193 -908855715 -851253330 -788787954 -774446411 -756891381 -733667806 -712136005 -697510333 -677546803 -641856275 -593266141 -529180973 -523251097 -520171046 -419507703 -413215330 -288816706 -210400710 -131842599 -122877678 -110153481 -102657261 -86474537 -66381966 -11121953 -4595851 88982991 153719194 176417734 237858477 273375697 371635639 405798256 409545302 437182538 444442558 450125783 513462561 532353924 542816138 564692732 565251131 594124132 718334160 726908460 764952967 826946474 833377558 867157744 869254991 873165189 884610025 914288950 1011431418 1038051297
