-934907442 -917039722 -839152734 -682228933 -358781099 -169136779 -133710517 -44806871 82044361 393369546 536495264 632409832 687915114 837000086
