-952797039 -873723740 -855001907 -698409420 -698155878 -688231357 -661031377 -582701825 -576344216 -522977276 -386187981 -320656643 -285698974 -244226247 -185515407 -164754189 -34225465 -27298927 -19401134 10119043 117923502 159747379 180616949 230162954 327683499 362962467 491334006 516282640 701643190 735655539 801188284 868056305 894025453 898173963 931780090 936952530 1063074167
