-1073523273 -1004689445 -983560054 -960328778 -896410198 -889082616 -867549762 -773010325 -771967523 -733348278 -731863645 -723686563 -692148342 -668749758 -626709420 -623216937 -522536860 -436421619 -433427300 -408512545 -339460166 -315695246 -303129302 -248768092 -245403077 -217981144 -136204352 -119720469 -3721327 51963406 58796479 79384943 125407446 147395584 224709397 249810896 266163929 280523379 283646186 310828051 408713394 422712389 456214497 469757932 469976483 511151302 533337182 559859324 567938229 586729240 591589240 647308108 658119998 796608042 805561389 806269758 883454023 935145623 944157591 960547330 975481150 1017927843 1018805020 1052208971
