-1010400101 -1009824662 -989025434 -974539163 -953307623 -874920965 -854406081 -820412313 -718617876 -715847504 -690080012 -528351062 -527242370 -491295532 -381210564 -367662412 -296494175 -275624709 -200089528 -112028975 -67010157 -28958243 -24415453 -14628529 31807619 64097088 83601066 88332616 116547274 145882954 177416718 204098968 274424128 286131562 302834583 340495419 346718723 396058911 467152924 518349204 539316277 557983849 574349006 652121565 751324225 758652019 774796402 871909653 923130602 940662453 957374478 969177016 981989647 1003416665 1021291639 1045331369 1047059575
