-1073579063 -1057065829 -1040805596 -993025975 -992499981 -935319287 -925963338 -901548661 -827794626 -765425603 -740620948 -683012735 -643892647 -608024612 -576000437 -548712788 -544638729 -537828321 -537665561 -513360553 -504729333 -485361227 -453135003 -417577647 -401399049 -389691388 -376519626 -354309188 -347844029 -275980175 -273610716 -233781859 -198994547 -198178754 -190562085 -173788496 -151088893 -131282892 -71286059 -64359526 -50567043 -43033672 -42910105 -14910779 -4056187 41842137 75020043 80103494 109321674 149897358 230915432 236552690 239788809 247637957 302294403 388419714 427951449 450072888 474164020 476862630 570764550 586711954 603291376 616576122 635638587 688740462 699688731 725893869 745921156 769982304 774805050 778883447 782315185 783193763 790919343 792128139 811893679 824933286 832612695 850698152 864893108 871306893 881569102 893839438 957811913 965686604 974487907 997126448 1014462632 1016561130 1024830644 1026651964 1060570063
