-1025876913 -1015524009 -997201077 -967659099 -962551757 -950341433 -916221493 -889065447 -864104345 -860415474 -817834736 -725176812 -692048381 -676935016 -665192541 -657436290 -641230325 -544331329 -536776069 -503194829 -451993862 -450675791 -405679219 -347820267 -345235253 -177562235 -147726729 -135597775 -89626955 -56884122 -46556542 -34370258 15811732 33773435 35764114 62379864 77911220 91466445 142984401 154451966 220440491 229119360 261209032 275706214 335202084 347323184 363098483 364267297 382513789 392107130 395121555 405540998 422717899 503297196 517116119 523977944 580238229 584970041 619005570 634455113 655521397 679950155 691983198 712832308 741733289 750266196 763674379 932842105 1039129734
